Rc files read:
  NONE
Latexmk: This is Latexmk, John Collins, 15 June 2025. Version 4.87.
Latexmk: applying rule 'pdflatex'...
Rule 'pdflatex':  Reasons for rerun
Changed files or newly in use/created:
  comun/portada.tex
  comun/preambulo.tex
Category 'changed_user':
  comun/portada.tex
  comun/preambulo.tex

------------
Run number 1 of rule 'pdflatex'
------------
------------
Running 'pdflatex  -interaction=nonstopmode -halt-on-error -recorder --jobname="sub5" -output-directory="salida/aux/05-datos"  "\def\subdocRuta{subdocumentos/05-datos}\input{subdocumentos/05-datos/main.tex}"'
------------
This is pdfTeX, Version 3.141592653-2.6-1.40.29 (TeX Live 2026/Arch Linux) (preloaded format=pdflatex)
 restricted \write18 enabled.
entering extended mode
LaTeX2e <2025-11-01>
L3 programming layer <2026-01-19>

(/home/carlosa/Documentos/Universidad/Actual/FEP/Proyecto/Informe/repo/recursos
/Plantilla-audIT/subdocumentos/05-datos/main.tex
(/home/carlosa/Documentos/Universidad/Actual/FEP/Proyecto/Informe/repo/recursos
/Plantilla-audIT/comun/inf-pucv.cls
Document Class: inf-pucv 2023/04/24 sgarciad.me v0.1, Clase para la plantilla L
aTeX con formato escuela INF PUCV.
(/usr/share/texmf-dist/tex/latex/extsizes/extarticle.cls
Document Class: extarticle 1996/10/08 v1.0 Non Standard LaTeX document class
(/usr/share/texmf-dist/tex/latex/base/size12.clo)
(/usr/share/texmf-dist/tex/latex/base/exscale.sty))
(/usr/share/texmf-dist/tex/latex/pdfx/pdfx.sty
(/usr/share/texmf-dist/tex/generic/iftex/ifluatex.sty
(/usr/share/texmf-dist/tex/generic/iftex/iftex.sty))
(/usr/share/texmf-dist/tex/generic/iftex/ifpdf.sty)
(/usr/share/texmf-dist/tex/generic/iftex/ifxetex.sty)
(/usr/share/texmf-dist/tex/latex/everyshi/everyshi.sty){/var/lib/texmf/fonts/ma
p/pdftex/updmap/pdftex.map} (/usr/share/texmf-dist/tex/latex/base/inputenc.sty)
 (/usr/share/texmf-dist/tex/latex/pdfx/l8u-penc.def)
(/usr/share/texmf-dist/tex/latex/xcolor/xcolor.sty
(/usr/share/texmf-dist/tex/latex/graphics-cfg/color.cfg)

Package xcolor Warning: Package option `hyperref' is obsolete and ignored on in
put line 265.

(/usr/share/texmf-dist/tex/latex/graphics-def/pdftex.def)
(/usr/share/texmf-dist/tex/latex/graphics/mathcolor.ltx))
(/usr/share/texmf-dist/tex/latex/colortbl/colortbl.sty
(/usr/share/texmf-dist/tex/latex/tools/array.sty))
(/usr/share/texmf-dist/tex/latex/hyperref/hyperref.sty
(/usr/share/texmf-dist/tex/latex/graphics/keyval.sty)
(/usr/share/texmf-dist/tex/latex/kvsetkeys/kvsetkeys.sty)
(/usr/share/texmf-dist/tex/generic/kvdefinekeys/kvdefinekeys.sty)
(/usr/share/texmf-dist/tex/generic/pdfescape/pdfescape.sty
(/usr/share/texmf-dist/tex/generic/ltxcmds/ltxcmds.sty)
(/usr/share/texmf-dist/tex/generic/pdftexcmds/pdftexcmds.sty
(/usr/share/texmf-dist/tex/generic/infwarerr/infwarerr.sty)))
(/usr/share/texmf-dist/tex/latex/hycolor/hycolor.sty)
(/usr/share/texmf-dist/tex/latex/hyperref/nameref.sty
(/usr/share/texmf-dist/tex/latex/refcount/refcount.sty)
(/usr/share/texmf-dist/tex/generic/gettitlestring/gettitlestring.sty
(/usr/share/texmf-dist/tex/latex/kvoptions/kvoptions.sty)))
(/usr/share/texmf-dist/tex/latex/etoolbox/etoolbox.sty)
(/usr/share/texmf-dist/tex/generic/stringenc/stringenc.sty)
(/usr/share/texmf-dist/tex/latex/hyperref/pd1enc.def)
(/usr/share/texmf-dist/tex/generic/intcalc/intcalc.sty)
(/usr/share/texmf-dist/tex/latex/hyperref/puenc.def)
(/usr/share/texmf-dist/tex/latex/url/url.sty)
(/usr/share/texmf-dist/tex/generic/bitset/bitset.sty
(/usr/share/texmf-dist/tex/generic/bigintcalc/bigintcalc.sty)))
(/usr/share/texmf-dist/tex/latex/hyperref/hpdftex.def
(/usr/share/texmf-dist/tex/latex/rerunfilecheck/rerunfilecheck.sty
(/usr/share/texmf-dist/tex/generic/uniquecounter/uniquecounter.sty)))
(/usr/share/texmf-dist/tex/latex/hyperref/psdextra.def)
(/usr/share/texmf-dist/tex/generic/colorprofiles/colorprofiles.sty
(/usr/share/texmf-dist/tex/generic/colorprofiles/colorprofiles.tex))
(/usr/share/texmf-dist/tex/latex/pdfx/AdobeColorProfiles.tex)
(/usr/share/texmf-dist/tex/latex/pdfx/8bit.def)
** pdfx: No file sub5.xmpdata . Metadata will be incomplete!
<<sRGB.icc>> (/usr/share/texmf-dist/tex/latex/pdfx/8bit.def)
(/usr/share/texmf-dist/tex/generic/pdftex/glyphtounicode.tex)
(/usr/share/texmf-dist/tex/latex/pdfx/glyphtounicode-cmr.tex)
(/usr/share/texmf-dist/tex/latex/pdfx/glyphtounicode-ntx.tex)
(/usr/share/texmf-dist/tex/latex/base/ifthen.sty)
(/usr/share/texmf-dist/tex/latex/xmpincl/xmpincl.sty)
(/usr/share/texmf-dist/tex/latex/pdfx/8bit.def)
Using XMP template file: pdfa.xmp
<<pdfa.xmpi>>

Package pdfx Warning: Setting all color commands to rgb,
consistent with the Color Model for PDF/A  on input line 3126.

) (/usr/share/texmf-dist/tex/latex/base/utf8.def
(/usr/share/texmf-dist/tex/latex/base/omsenc.dfu)
(/usr/share/texmf-dist/tex/latex/base/ot1enc.dfu)
(/usr/share/texmf-dist/tex/latex/base/t1enc.dfu)
(/usr/share/texmf-dist/tex/latex/base/ts1enc.dfu))
(/home/carlosa/Documentos/Universidad/Actual/FEP/Proyecto/Informe/repo/recursos
/Plantilla-audIT/comun/styles.sty
(/usr/share/texmf-dist/tex/latex/base/inputenc.sty)
(/usr/share/texmf-dist/tex/latex/base/fontenc.sty)
(/usr/share/texmf-dist/tex/generic/babel/babel.sty
(/usr/share/texmf-dist/tex/generic/babel/txtbabel.def)
(/usr/share/texmf-dist/tex/generic/babel/locale/es/babel-spanish.tex)
(/usr/share/texmf-dist/tex/generic/babel-spanish/spanish.ldf))
(/usr/share/texmf-dist/tex/latex/amsmath/amsmath.sty
For additional information on amsmath, use the `?' option.
(/usr/share/texmf-dist/tex/latex/amsmath/amstext.sty
(/usr/share/texmf-dist/tex/latex/amsmath/amsgen.sty))
(/usr/share/texmf-dist/tex/latex/amsmath/amsbsy.sty)
(/usr/share/texmf-dist/tex/latex/amsmath/amsopn.sty))
(/usr/share/texmf-dist/tex/latex/amsfonts/amsfonts.sty)
(/usr/share/texmf-dist/tex/latex/amsfonts/amssymb.sty)
(/usr/share/texmf-dist/tex/latex/pgfplots/pgfplots.sty
(/usr/share/texmf-dist/tex/generic/pgfplots/pgfplots.revision.tex)
(/usr/share/texmf-dist/tex/latex/graphics/graphicx.sty
(/usr/share/texmf-dist/tex/latex/graphics/graphics.sty
(/usr/share/texmf-dist/tex/latex/graphics/trig.sty)
(/usr/share/texmf-dist/tex/latex/graphics-cfg/graphics.cfg)))
(/usr/share/texmf-dist/tex/latex/pgf/frontendlayer/tikz.sty
(/usr/share/texmf-dist/tex/latex/pgf/basiclayer/pgf.sty
(/usr/share/texmf-dist/tex/latex/pgf/utilities/pgfrcs.sty
(/usr/share/texmf-dist/tex/generic/pgf/utilities/pgfutil-common.tex)
(/usr/share/texmf-dist/tex/generic/pgf/utilities/pgfutil-latex.def)
(/usr/share/texmf-dist/tex/generic/pgf/utilities/pgfrcs.code.tex
(/usr/share/texmf-dist/tex/generic/pgf/pgf.revision.tex)))
(/usr/share/texmf-dist/tex/latex/pgf/basiclayer/pgfcore.sty
(/usr/share/texmf-dist/tex/latex/pgf/systemlayer/pgfsys.sty
(/usr/share/texmf-dist/tex/generic/pgf/systemlayer/pgfsys.code.tex
(/usr/share/texmf-dist/tex/generic/pgf/utilities/pgfkeys.code.tex
(/usr/share/texmf-dist/tex/generic/pgf/utilities/pgfkeyslibraryfiltered.code.te
x)) (/usr/share/texmf-dist/tex/generic/pgf/systemlayer/pgf.cfg)
(/usr/share/texmf-dist/tex/generic/pgf/systemlayer/pgfsys-pdftex.def
(/usr/share/texmf-dist/tex/generic/pgf/systemlayer/pgfsys-common-pdf.def)))
(/usr/share/texmf-dist/tex/generic/pgf/systemlayer/pgfsyssoftpath.code.tex)
(/usr/share/texmf-dist/tex/generic/pgf/systemlayer/pgfsysprotocol.code.tex))
(/usr/share/texmf-dist/tex/generic/pgf/basiclayer/pgfcore.code.tex
(/usr/share/texmf-dist/tex/generic/pgf/math/pgfmath.code.tex
(/usr/share/texmf-dist/tex/generic/pgf/math/pgfmathutil.code.tex)
(/usr/share/texmf-dist/tex/generic/pgf/math/pgfmathparser.code.tex)
(/usr/share/texmf-dist/tex/generic/pgf/math/pgfmathfunctions.code.tex)
(/usr/share/texmf-dist/tex/generic/pgf/math/pgfmathfunctions.basic.code.tex)
(/usr/share/texmf-dist/tex/generic/pgf/math/pgfmathfunctions.trigonometric.code
.tex)
(/usr/share/texmf-dist/tex/generic/pgf/math/pgfmathfunctions.random.code.tex)
(/usr/share/texmf-dist/tex/generic/pgf/math/pgfmathfunctions.comparison.code.te
x) (/usr/share/texmf-dist/tex/generic/pgf/math/pgfmathfunctions.base.code.tex)
(/usr/share/texmf-dist/tex/generic/pgf/math/pgfmathfunctions.round.code.tex)
(/usr/share/texmf-dist/tex/generic/pgf/math/pgfmathfunctions.misc.code.tex)
(/usr/share/texmf-dist/tex/generic/pgf/math/pgfmathfunctions.integerarithmetics
.code.tex) (/usr/share/texmf-dist/tex/generic/pgf/math/pgfmathcalc.code.tex)
(/usr/share/texmf-dist/tex/generic/pgf/math/pgfmathfloat.code.tex))
(/usr/share/texmf-dist/tex/generic/pgf/math/pgfint.code.tex)
(/usr/share/texmf-dist/tex/generic/pgf/basiclayer/pgfcorepoints.code.tex)
(/usr/share/texmf-dist/tex/generic/pgf/basiclayer/pgfcorepathconstruct.code.tex
) (/usr/share/texmf-dist/tex/generic/pgf/basiclayer/pgfcorepathusage.code.tex)
(/usr/share/texmf-dist/tex/generic/pgf/basiclayer/pgfcorescopes.code.tex)
(/usr/share/texmf-dist/tex/generic/pgf/basiclayer/pgfcoregraphicstate.code.tex)

(/usr/share/texmf-dist/tex/generic/pgf/basiclayer/pgfcoretransformations.code.t
ex) (/usr/share/texmf-dist/tex/generic/pgf/basiclayer/pgfcorequick.code.tex)
(/usr/share/texmf-dist/tex/generic/pgf/basiclayer/pgfcoreobjects.code.tex)
(/usr/share/texmf-dist/tex/generic/pgf/basiclayer/pgfcorepathprocessing.code.te
x) (/usr/share/texmf-dist/tex/generic/pgf/basiclayer/pgfcorearrows.code.tex)
(/usr/share/texmf-dist/tex/generic/pgf/basiclayer/pgfcoreshade.code.tex)
(/usr/share/texmf-dist/tex/generic/pgf/basiclayer/pgfcoreimage.code.tex)
(/usr/share/texmf-dist/tex/generic/pgf/basiclayer/pgfcoreexternal.code.tex)
(/usr/share/texmf-dist/tex/generic/pgf/basiclayer/pgfcorelayers.code.tex)
(/usr/share/texmf-dist/tex/generic/pgf/basiclayer/pgfcoretransparency.code.tex)
 (/usr/share/texmf-dist/tex/generic/pgf/basiclayer/pgfcorepatterns.code.tex)
(/usr/share/texmf-dist/tex/generic/pgf/basiclayer/pgfcorerdf.code.tex)))
(/usr/share/texmf-dist/tex/generic/pgf/modules/pgfmoduleshapes.code.tex)
(/usr/share/texmf-dist/tex/generic/pgf/modules/pgfmoduleplot.code.tex)
(/usr/share/texmf-dist/tex/latex/pgf/compatibility/pgfcomp-version-0-65.sty)
(/usr/share/texmf-dist/tex/latex/pgf/compatibility/pgfcomp-version-1-18.sty))
(/usr/share/texmf-dist/tex/latex/pgf/utilities/pgffor.sty
(/usr/share/texmf-dist/tex/latex/pgf/utilities/pgfkeys.sty
(/usr/share/texmf-dist/tex/generic/pgf/utilities/pgfkeys.code.tex))
(/usr/share/texmf-dist/tex/latex/pgf/math/pgfmath.sty
(/usr/share/texmf-dist/tex/generic/pgf/math/pgfmath.code.tex))
(/usr/share/texmf-dist/tex/generic/pgf/utilities/pgffor.code.tex))
(/usr/share/texmf-dist/tex/generic/pgf/frontendlayer/tikz/tikz.code.tex
(/usr/share/texmf-dist/tex/generic/pgf/libraries/pgflibraryplothandlers.code.te
x) (/usr/share/texmf-dist/tex/generic/pgf/modules/pgfmodulematrix.code.tex)
(/usr/share/texmf-dist/tex/generic/pgf/frontendlayer/tikz/libraries/tikzlibrary
topaths.code.tex)))
(/usr/share/texmf-dist/tex/generic/pgfplots/pgfplots.code.tex
(/usr/share/texmf-dist/tex/generic/pgfplots/pgfplotscore.code.tex
(/usr/share/texmf-dist/tex/generic/pgfplots/sys/pgfplotssysgeneric.code.tex))
(/usr/share/texmf-dist/tex/generic/pgfplots/libs/pgfplotslibrary.code.tex)
(/usr/share/texmf-dist/tex/generic/pgfplots/oldpgfcompatib/pgfplotsoldpgfsupp_l
oader.code.tex
(/usr/share/texmf-dist/tex/generic/pgf/libraries/pgflibraryfpu.code.tex)
(/usr/share/texmf-dist/tex/generic/pgfplots/oldpgfcompatib/pgfplotsoldpgfsupp_p
gfutil-common-lists.tex))
(/usr/share/texmf-dist/tex/generic/pgfplots/util/pgfplotsutil.code.tex
(/usr/share/texmf-dist/tex/generic/pgfplots/liststructure/pgfplotsliststructure
.code.tex)
(/usr/share/texmf-dist/tex/generic/pgfplots/liststructure/pgfplotsliststructure
ext.code.tex)
(/usr/share/texmf-dist/tex/generic/pgfplots/liststructure/pgfplotsarray.code.te
x)
(/usr/share/texmf-dist/tex/generic/pgfplots/liststructure/pgfplotsmatrix.code.t
ex)
(/usr/share/texmf-dist/tex/generic/pgfplots/numtable/pgfplotstableshared.code.t
ex)
(/usr/share/texmf-dist/tex/generic/pgfplots/liststructure/pgfplotsdeque.code.te
x) (/usr/share/texmf-dist/tex/generic/pgfplots/util/pgfplotsbinary.code.tex
(/usr/share/texmf-dist/tex/generic/pgfplots/util/pgfplotsbinary.data.code.tex))
(/usr/share/texmf-dist/tex/generic/pgfplots/util/pgfplotsutil.verb.code.tex)
(/usr/share/texmf-dist/tex/generic/pgfplots/libs/pgflibrarypgfplots.surfshading
.code.tex
(/usr/share/texmf-dist/tex/generic/pgfplots/sys/pgflibrarypgfplots.surfshading.
pgfsys-pdftex.def)))
(/usr/share/texmf-dist/tex/generic/pgfplots/util/pgfplotscolormap.code.tex
(/usr/share/texmf-dist/tex/generic/pgfplots/util/pgfplotscolor.code.tex))
(/usr/share/texmf-dist/tex/generic/pgfplots/pgfplotsstackedplots.code.tex)
(/usr/share/texmf-dist/tex/generic/pgfplots/pgfplotsplothandlers.code.tex
(/usr/share/texmf-dist/tex/generic/pgfplots/pgfplotsmeshplothandler.code.tex
(/usr/share/texmf-dist/tex/generic/pgfplots/pgfplotsmeshplotimage.code.tex)))
(/usr/share/texmf-dist/tex/generic/pgfplots/pgfplots.scaling.code.tex)
(/usr/share/texmf-dist/tex/generic/pgfplots/pgfplotscoordprocessing.code.tex)
(/usr/share/texmf-dist/tex/generic/pgfplots/pgfplots.errorbars.code.tex)
(/usr/share/texmf-dist/tex/generic/pgfplots/pgfplots.markers.code.tex)
(/usr/share/texmf-dist/tex/generic/pgfplots/pgfplotsticks.code.tex)
(/usr/share/texmf-dist/tex/generic/pgfplots/pgfplots.paths.code.tex)
(/usr/share/texmf-dist/tex/generic/pgf/frontendlayer/tikz/libraries/tikzlibrary
decorations.code.tex
(/usr/share/texmf-dist/tex/generic/pgf/modules/pgfmoduledecorations.code.tex))
(/usr/share/texmf-dist/tex/generic/pgf/frontendlayer/tikz/libraries/tikzlibrary
decorations.pathmorphing.code.tex
(/usr/share/texmf-dist/tex/generic/pgf/libraries/decorations/pgflibrarydecorati
ons.pathmorphing.code.tex))
(/usr/share/texmf-dist/tex/generic/pgf/frontendlayer/tikz/libraries/tikzlibrary
decorations.pathreplacing.code.tex
(/usr/share/texmf-dist/tex/generic/pgf/libraries/decorations/pgflibrarydecorati
ons.pathreplacing.code.tex))
(/usr/share/texmf-dist/tex/generic/pgfplots/libs/tikzlibrarypgfplots.contourlua
.code.tex))
(/usr/share/texmf-dist/tex/generic/pgf/frontendlayer/tikz/libraries/tikzlibrary
plotmarks.code.tex
(/usr/share/texmf-dist/tex/generic/pgf/libraries/pgflibraryplotmarks.code.tex))
) (/usr/share/texmf-dist/tex/latex/paracol/paracol.sty)
(/usr/share/texmf-dist/tex/latex/wrapfig/wrapfig.sty)
(/usr/share/texmf-dist/tex/latex/tools/multicol.sty)
(/usr/share/texmf-dist/tex/latex/geometry/geometry.sty
(/usr/share/texmf-dist/tex/generic/iftex/ifvtex.sty))
(/usr/share/texmf-dist/tex/generic/pgfplots/libs/tikzlibrarypgfplots.fillbetwee
n.code.tex
(/usr/share/texmf-dist/tex/generic/pgfplots/pgfcontrib/tikzlibraryfillbetween.c
ode.tex
(/usr/share/texmf-dist/tex/generic/pgf/frontendlayer/tikz/libraries/tikzlibrary
intersections.code.tex
(/usr/share/texmf-dist/tex/generic/pgf/libraries/pgflibraryintersections.code.t
ex))
(/usr/share/texmf-dist/tex/generic/pgfplots/pgfcontrib/tikzlibrarydecorations.s
oftclip.code.tex
(/usr/share/texmf-dist/tex/generic/pgfplots/pgfcontrib/pgflibraryfillbetween.co
de.tex)))
(/usr/share/texmf-dist/tex/generic/pgfplots/libs/tikzlibrarypgfplots.decoration
s.softclip.code.tex))
(/usr/share/texmf-dist/tex/generic/pgf/frontendlayer/tikz/libraries/tikzlibrary
patterns.code.tex
(/usr/share/texmf-dist/tex/generic/pgf/libraries/pgflibrarypatterns.code.tex))
(/usr/share/texmf-dist/tex/latex/tools/longtable.sty)
(/usr/share/texmf-dist/tex/latex/booktabs/booktabs.sty)
(/usr/share/texmf-dist/tex/latex/float/float.sty))
(/usr/share/texmf-dist/tex/latex/accsupp/accsupp.sty
(/usr/share/texmf-dist/tex/latex/accsupp/accsupp-pdftex.def))
(/usr/share/texmf-dist/tex/latex/csquotes/csquotes.sty
(/usr/share/texmf-dist/tex/latex/csquotes/csquotes.def)
(/usr/share/texmf-dist/tex/latex/csquotes/csquotes.cfg))
(/usr/share/texmf-dist/tex/latex/biblatex/biblatex.sty
(/usr/share/texmf-dist/tex/latex/logreq/logreq.sty
(/usr/share/texmf-dist/tex/latex/logreq/logreq.def))
(/usr/share/texmf-dist/tex/latex/biblatex/blx-dm.def)
(/usr/share/texmf-dist/tex/latex/biblatex-apa/apa.dbx)
(/usr/share/texmf-dist/tex/latex/biblatex/blx-compat.def)
(/usr/share/texmf-dist/tex/latex/biblatex/biblatex.def)
(/usr/share/texmf-dist/tex/latex/biblatex-apa/apa.bbx
(/usr/share/texmf-dist/tex/latex/biblatex/bbx/standard.bbx))
(/usr/share/texmf-dist/tex/latex/biblatex-apa/apa.cbx)
(/usr/share/texmf-dist/tex/latex/biblatex/biblatex.cfg)
(/usr/share/texmf-dist/tex/latex/l3kernel/expl3.sty
(/usr/share/texmf-dist/tex/latex/l3backend/l3backend-pdftex.def))
(/usr/share/texmf-dist/tex/latex/biblatex/blx-case-expl3.sty
(/usr/share/texmf-dist/tex/latex/l3packages/xparse/xparse.sty)))
(/usr/share/texmf-dist/tex/latex/fontawesome5/fontawesome5.sty
(/usr/share/texmf-dist/tex/latex/l3packages/l3keys2e/l3keys2e.sty)
(/usr/share/texmf-dist/tex/latex/fontawesome5/fontawesome5-generic-helper.sty
(/usr/share/texmf-dist/tex/latex/fontawesome5/fontawesome5-mapping.def)))
(/usr/share/texmf-dist/tex/latex/koma-script/scrlfile.sty
(/usr/share/texmf-dist/tex/latex/koma-script/scrlfile-hook.sty
(/usr/share/texmf-dist/tex/latex/koma-script/scrlogo.sty)))
(/usr/share/texmf-dist/tex/latex/titlesec/titlesec.sty)
(/usr/share/texmf-dist/tex/latex/minted/minted.sty
(/usr/share/texmf-dist/tex/generic/catchfile/catchfile.sty
(/usr/share/texmf-dist/tex/generic/etexcmds/etexcmds.sty))
(/usr/share/texmf-dist/tex/latex/fvextra/fvextra.sty
(/usr/share/texmf-dist/tex/latex/fancyvrb/fancyvrb.sty)
(/usr/share/texmf-dist/tex/latex/upquote/upquote.sty
(/usr/share/texmf-dist/tex/latex/base/textcomp.sty))
(/usr/share/texmf-dist/tex/latex/lineno/lineno.sty

LaTeX Warning: Command \@parboxrestore  has changed.
               Check if current package is valid.

)

Package fvextra Warning: csquotes should be loaded after fvextra, to avoid a wa
rning from the lineno package on input line 36.

) (/usr/share/texmf-dist/tex/latex/latex2pydata/latex2pydata.sty)
(/usr/share/texmf-dist/tex/latex/pgfopts/pgfopts.sty)
(/usr/share/texmf-dist/tex/latex/tools/shellesc.sty))
(/usr/share/texmf-dist/tex/latex/caption/caption.sty
(/usr/share/texmf-dist/tex/latex/caption/caption3.sty)
(/usr/share/texmf-dist/tex/latex/caption/ltcaption.sty))
(/usr/share/texmf-dist/tex/latex/chngcntr/chngcntr.sty)
(/usr/share/texmf-dist/tex/latex/lipsum/lipsum.sty
(/usr/share/texmf-dist/tex/latex/lipsum/lipsum.ltd.tex))
(/usr/share/texmf-dist/tex/latex/enumitem/enumitem.sty)
(/usr/share/texmf-dist/tex/latex/pdfpages/pdfpages.sty
(/usr/share/texmf-dist/tex/latex/tools/calc.sty)
(/usr/share/texmf-dist/tex/latex/eso-pic/eso-pic.sty)
(/usr/share/texmf-dist/tex/latex/pdfpages/pppdftex.def))
(/usr/share/texmf-dist/tex/latex/tocloft/tocloft.sty)
(/usr/share/texmf-dist/tex/latex/tools/tabularx.sty))
(/home/carlosa/Documentos/Universidad/Actual/FEP/Proyecto/Informe/repo/recursos
/Plantilla-audIT/comun/instancia.tex)
(/home/carlosa/Documentos/Universidad/Actual/FEP/Proyecto/Informe/repo/recursos
/Plantilla-audIT/subdocumentos/05-datos/meta.tex)
(/home/carlosa/Documentos/Universidad/Actual/FEP/Proyecto/Informe/repo/recursos
/Plantilla-audIT/comun/preambulo.tex
(/usr/share/texmf-dist/tex/latex/import/import.sty)
(/usr/share/texmf-dist/tex/generic/pgf/frontendlayer/tikz/libraries/tikzlibrary
calc.code.tex) (/usr/share/texmf-dist/tex/latex/pdflscape/pdflscape.sty
(/usr/share/texmf-dist/tex/latex/pdflscape/pdflscape-nometadata.sty
(/usr/share/texmf-dist/tex/latex/graphics/lscape.sty)))
(/usr/share/texmf-dist/tex/latex/fancyhdr/fancyhdr.sty))
(/home/carlosa/Documentos/Universidad/Actual/FEP/Proyecto/Informe/repo/recursos
/Plantilla-audIT/comun/portada.tex) (salida/aux/05-datos/sub5.aux)
(/usr/share/texmf-dist/tex/context/base/mkii/supp-pdf.mkii
[Loading MPS to PDF converter (version 2006.09.02).]
) (/usr/share/texmf-dist/tex/latex/epstopdf-pkg/epstopdf-base.sty
(/usr/share/texmf-dist/tex/latex/latexconfig/epstopdf-sys.cfg))
(salida/aux/05-datos/sub5.out) (salida/aux/05-datos/sub5.out)
Package pgfplots notification 'compat/show suggested version=true': you might b
enefit from \pgfplotsset{compat=1.18} (current compat level: 1.17).

*geometry* driver: auto-detecting
*geometry* detected driver: pdftex
(/usr/share/texmf-dist/tex/latex/biblatex-apa/spanish-apa.lbx
(/usr/share/texmf-dist/tex/latex/biblatex/lbx/spanish.lbx)
(/usr/share/texmf-dist/tex/latex/biblatex/lbx/spanish.lbx))
(salida/aux/05-datos/sub5.bbl)

LaTeX Font Warning: Font shape `T1/cmr/m/n' in size <19> not available
(Font)              size <17.28> substituted on input line 8.


LaTeX Font Warning: Font shape `T1/cmr/bx/n' in size <19> not available
(Font)              size <17.28> substituted on input line 8.

[1 </home/carlosa/Documentos/Universidad/Actual/FEP/Proyecto/Informe/repo/recur
sos/Plantilla-audIT/comun/assets/portada.jpeg>]

LaTeX Font Warning: Font shape `T1/cmr/m/n' in size <26> not available
(Font)              size <24.88> substituted on input line 9.


LaTeX Font Warning: Font shape `T1/cmr/bx/n' in size <26> not available
(Font)              size <24.88> substituted on input line 9.


Overfull \hbox (28.45274pt too wide) in paragraph at lines 9--9
[][][] 
(/usr/share/texmf-dist/tex/latex/amsfonts/umsa.fd)
(/usr/share/texmf-dist/tex/latex/amsfonts/umsb.fd)

Package fancyhdr Warning: \footskip is too small (30.0pt): 
(fancyhdr)                Make it at least 69.14996pt, for example:
(fancyhdr)                \setlength{\footskip}{69.14996pt}.

[2 </home/carlosa/Documentos/Universidad/Actual/FEP/Proyecto/Informe/repo/recur
sos/Plantilla-audIT/comun/assets/figuras/Firma.png>]
(salida/aux/05-datos/sub5.toc)

Package fancyhdr Warning: \footskip is too small (30.0pt): 
(fancyhdr)                Make it at least 69.14996pt, for example:
(fancyhdr)                \setlength{\footskip}{69.14996pt}.

[3]
(/home/carlosa/Documentos/Universidad/Actual/FEP/Proyecto/Informe/repo/recursos
/Plantilla-audIT/subdocumentos/05-datos/contenido.tex

LaTeX Font Warning: Font shape `T1/cmr/m/n' in size <86> not available
(Font)              size <51.59> substituted on input line 1.


LaTeX Font Warning: Font shape `T1/cmr/bx/n' in size <86> not available
(Font)              size <51.59> substituted on input line 1.


Underfull \hbox (badness 2781) in paragraph at lines 19--19
[]|\T1/cmr/bx/n/10.95 Enfoque De-fi-ni-ti-vo au-

Underfull \hbox (badness 3428) in paragraph at lines 19--19
[]|\T1/cmr/bx/n/10.95 Impacto en Cu-ri-

Underfull \hbox (badness 10000) in paragraph at lines 20--20
[]|\T1/cmr/m/n/10.95 Domain-Driven De-sign

Underfull \hbox (badness 10000) in paragraph at lines 21--21
[]|\T1/cmr/m/n/10.95 Arquitectura Fast-Data

Underfull \hbox (badness 1210) in paragraph at lines 21--21
[]|\T1/cmr/m/n/10.95 Aísla pings GPS del

Underfull \hbox (badness 3780) in paragraph at lines 22--22
\T1/cmr/m/n/10.95 cru-za-dos y com-pa-ti-

Underfull \hbox (badness 3977) in paragraph at lines 22--22
\T1/cmr/m/n/10.95 bi-li-dad quí-mi-ca (DS

Underfull \hbox (badness 10000) in paragraph at lines 23--23
[]|\T1/cmr/m/n/10.95 Datos Maes-tros

Underfull \hbox (badness 1496) in paragraph at lines 23--23
[]|\T1/cmr/m/n/10.95 Entidades dis-per-sas sin

Underfull \hbox (badness 6396) in paragraph at lines 23--23
[]|\T1/cmr/m/n/10.95 Evita du-pli-ci-dad de

Underfull \hbox (badness 10000) in paragraph at lines 24--24
[]|\T1/cmr/m/n/10.95 Particionamiento men-sual,

Underfull \hbox (badness 2828) in paragraph at lines 24--24
\T1/cmr/m/n/10.95 ín-di-ces GiST y BRIN, y

Underfull \hbox (badness 5460) in paragraph at lines 24--24
[]|\T1/cmr/m/n/10.95 Geocercas en $\OML/cmm/m/it/10.95 < \OT1/cmr/m/n/10.95 5$

Underfull \hbox (badness 10000) in paragraph at lines 25--25
[]|\T1/cmr/m/n/10.95 Saneamiento Vi-

Underfull \hbox (badness 1024) in paragraph at lines 25--25
[]|\T1/cmr/m/n/10.95 Sanea 4 pla-ni-llas ($\OMS/cmsy/m/n/10.95 ^^Y

Underfull \hbox (badness 1237) in paragraph at lines 26--26
[]|\T1/cmr/m/n/10.95 Cifrado a ni-vel de cam-po

Underfull \hbox (badness 10000) in paragraph at lines 26--26
[]|\T1/cmr/m/n/10.95 Cumplimiento irres-

Overfull \hbox (33.4392pt too wide) in alignment at lines 18--28
 [] [] [] [] 

Package fancyhdr Warning: \footskip is too small (30.0pt): 
(fancyhdr)                Make it at least 69.14996pt, for example:
(fancyhdr)                \setlength{\footskip}{69.14996pt}.

[4]
Overfull \hbox (9.29941pt too wide) in paragraph at lines 30--30
|[]\T1/cmr/bx/n/17.28 Modelo de do-mi-nio y fron-te-ras tran-sac-cio-na-les (DD
D)| 

Package fancyhdr Warning: \footskip is too small (30.0pt): 
(fancyhdr)                Make it at least 69.14996pt, for example:
(fancyhdr)                \setlength{\footskip}{69.14996pt}.

[5]
Overfull \hbox (17.16069pt too wide) in paragraph at lines 35--36
[]\T1/cmr/bx/n/12 Agregado Via-je (Co-re Do-main): \T1/cmr/m/n/12 Or-ques-ta la
 má-qui-na de es-ta-dos fi-ni-ta (\T1/cmtt/m/n/12 PROGRAMADO

Package fancyhdr Warning: \footskip is too small (30.0pt): 
(fancyhdr)                Make it at least 69.14996pt, for example:
(fancyhdr)                \setlength{\footskip}{69.14996pt}.

[6]
Underfull \hbox (badness 10000) in paragraph at lines 67--67
[]|\T1/cmr/bx/n/10.95 Dimensión ISO

Underfull \hbox (badness 2512) in paragraph at lines 70--70
[]|\T1/cmr/m/n/10.95 Consistencia (\T1/cmr/m/it/10.95 Con-sis-

Underfull \hbox (badness 10000) in paragraph at lines 70--70
[]|\T1/cmr/m/n/10.95 100$ $% co-rres-pon-den-cia

Underfull \hbox (badness 1270) in paragraph at lines 71--71
[]|\T1/cmr/m/n/10.95 Credibilidad (\T1/cmr/m/it/10.95 Cre-di-bi-

Underfull \hbox (badness 4193) in paragraph at lines 72--72
\T1/cmr/m/n/10.95 pa-ra 22 des-pa-cha-do-res

Overfull \hbox (27.12967pt too wide) in alignment at lines 66--73
 [] [] [] 

Package fancyhdr Warning: \footskip is too small (30.0pt): 
(fancyhdr)                Make it at least 69.14996pt, for example:
(fancyhdr)                \setlength{\footskip}{69.14996pt}.

[7]
Underfull \hbox (badness 1881) in paragraph at lines 85--85
[]|\T1/cmr/m/n/10.95 Búfer a Bor-do en

Underfull \hbox (badness 4467) in paragraph at lines 85--85
[]|\T1/cmr/m/n/10.95 Sistema AP

Overfull \hbox (39.12923pt too wide) in alignment at lines 81--88
 [] [] [] [] 

Package fancyhdr Warning: \footskip is too small (30.0pt): 
(fancyhdr)                Make it at least 69.14996pt, for example:
(fancyhdr)                \setlength{\footskip}{69.14996pt}.

[8]

Package fancyhdr Warning: \footskip is too small (30.0pt): 
(fancyhdr)                Make it at least 69.14996pt, for example:
(fancyhdr)                \setlength{\footskip}{69.14996pt}.

[9]

Package fancyhdr Warning: \footskip is too small (30.0pt): 
(fancyhdr)                Make it at least 69.14996pt, for example:
(fancyhdr)                \setlength{\footskip}{69.14996pt}.

[10 </home/carlosa/Documentos/Universidad/Actual/FEP/Proyecto/Informe/repo/recu
rsos/Plantilla-audIT/comun/assets/figuras/Persistencia.pdf>]
Overfull \hbox (31.1767pt too wide) in paragraph at lines 97--98
[]\T1/cmr/bx/n/12 Indexación es-pe-cia-li-za-da: \T1/cmr/m/n/12 Ín-di-ces B-Tre
e en cla-ves fo-rá-neas (\T1/cmtt/m/n/12 id_tracto\T1/cmr/m/n/12 , \T1/cmtt/m/n
/12 id_conductor\T1/cmr/m/n/12 ,

Underfull \hbox (badness 2409) in paragraph at lines 120--121
[]|\T1/cmr/m/n/10.95 Operacional. Cla-ve pri-ma-ria B-

Underfull \hbox (badness 10000) in paragraph at lines 122--122
[]|\T1/cmr/m/n/10.95 Formato na-cio-nal

Overfull \hbox (5.84209pt too wide) in paragraph at lines 123--123
[]|\T1/cmr/m/n/10.95 VARCHAR(120)| 

Underfull \hbox (badness 10000) in paragraph at lines 125--125
[]|\T1/cmr/m/n/10.95 'HABILITADO',

Overfull \hbox (51.12965pt too wide) in alignment at lines 118--126
 [] [] [] [] [] 

Package fancyhdr Warning: \footskip is too small (30.0pt): 
(fancyhdr)                Make it at least 69.14996pt, for example:
(fancyhdr)                \setlength{\footskip}{69.14996pt}.

[11]
Underfull \hbox (badness 2111) in paragraph at lines 132--132
[]|\T1/cmr/m/n/10.95 'PROPIO', 'TER-

Underfull \hbox (badness 10000) in paragraph at lines 135--135
[]|\T1/cmr/m/n/10.95 'RAMPLA', 'ES-

Underfull \hbox (badness 1297) in paragraph at lines 135--135
\T1/cmr/m/n/10.95 TAN-QUE', 'TOL-

Overfull \hbox (1.91312pt too wide) in paragraph at lines 136--136
[]|\T1/cmr/m/n/10.95 NUMERIC(5,2)| 

Overfull \hbox (51.12965pt too wide) in alignment at lines 128--137
 [] [] [] [] [] 

Package fancyhdr Warning: \footskip is too small (30.0pt): 
(fancyhdr)                Make it at least 69.14996pt, for example:
(fancyhdr)                \setlength{\footskip}{69.14996pt}.

[12]
Underfull \hbox (badness 10000) in paragraph at lines 142--142
[]|\T1/cmr/m/n/10.95 FK po-li-mór-

Underfull \hbox (badness 10000) in paragraph at lines 142--142
\T1/cmr/m/n/10.95 fi-ca (Trac-

Overfull \hbox (2.55453pt too wide) in paragraph at lines 142--142
\T1/cmr/m/n/10.95 to/Rampla/Chofer)| 

Underfull \hbox (badness 10000) in paragraph at lines 143--143
[]|\T1/cmr/m/n/10.95 'TRACTO',

Underfull \hbox (badness 10000) in paragraph at lines 143--143
\T1/cmr/m/n/10.95 'RAM-PLA',

Overfull \hbox (0.96172pt too wide) in paragraph at lines 146--146
[]|\T1/cmr/m/n/10.95 estado_verificacion| 

Underfull \hbox (badness 10000) in paragraph at lines 146--146
[]|\T1/cmr/m/n/10.95 'VERIFICADO',

Underfull \hbox (badness 10000) in paragraph at lines 147--147
[]|\T1/cmr/m/n/10.95 FK ha-cia

Underfull \hbox (badness 10000) in paragraph at lines 147--147
\T1/cmr/m/n/10.95 DO-CU-MEN-

Overfull \hbox (51.12965pt too wide) in alignment at lines 139--148
 [] [] [] [] [] 

Underfull \hbox (badness 1226) in paragraph at lines 153--153
[]|\T1/cmr/m/n/10.95 Hash crip-to-grá-fi-co

Overfull \hbox (7.24435pt too wide) in paragraph at lines 154--154
[]|\T1/cmr/m/n/10.95 uri_almacenamiento| 

Overfull \hbox (5.84209pt too wide) in paragraph at lines 154--154
[]|\T1/cmr/m/n/10.95 VARCHAR(500)| 

Overfull \hbox (8.25618pt too wide) in paragraph at lines 155--155
[]|\T1/cmr/m/n/10.95 TIMESTAMPTZ| 

Overfull \hbox (51.12965pt too wide) in alignment at lines 150--156
 [] [] [] [] [] 

Package fancyhdr Warning: \footskip is too small (30.0pt): 
(fancyhdr)                Make it at least 69.14996pt, for example:
(fancyhdr)                \setlength{\footskip}{69.14996pt}.

[13]
Underfull \hbox (badness 1142) in paragraph at lines 161--162
[]|\T1/cmr/m/n/10.95 Operacional. Ti-tu-lar del ca-mión

Overfull \hbox (9.36383pt too wide) in paragraph at lines 163--163
[]|\T1/cmr/m/n/10.95 comparte_telemetria| 

Underfull \hbox (badness 3635) in paragraph at lines 164--164
[]|\T1/cmr/m/n/10.95 Lista de IDs de

Overfull \hbox (4.22205pt too wide) in paragraph at lines 165--165
[]|\T1/cmr/m/n/10.95 fecha_otorgamiento| 

Overfull \hbox (8.25618pt too wide) in paragraph at lines 165--165
[]|\T1/cmr/m/n/10.95 TIMESTAMPTZ| 

Underfull \hbox (badness 10000) in paragraph at lines 165--166
[]|\T1/cmr/m/n/10.95 Operacional. Tra-za-bi-li-dad le-gal

Overfull \hbox (8.25618pt too wide) in paragraph at lines 166--166
[]|\T1/cmr/m/n/10.95 TIMESTAMPTZ| 

Underfull \hbox (badness 1701) in paragraph at lines 166--167
[]|\T1/cmr/m/n/10.95 Operacional. Ce-se in-me-dia-to de

Overfull \hbox (51.12965pt too wide) in alignment at lines 158--167
 [] [] [] [] [] 

Package fancyhdr Warning: \footskip is too small (30.0pt): 
(fancyhdr)                Make it at least 69.14996pt, for example:
(fancyhdr)                \setlength{\footskip}{69.14996pt}.

[14]
Underfull \hbox (badness 10000) in paragraph at lines 172--172
[]|\T1/cmr/m/n/10.95 Formato VJ-

Underfull \hbox (badness 10000) in paragraph at lines 172--172
\T1/cmr/m/n/10.95 YYYYMM-

Underfull \hbox (badness 1152) in paragraph at lines 173--173
[]|\T1/cmr/m/n/10.95 FK ha-cia TRAC-

Underfull \hbox (badness 6592) in paragraph at lines 173--174
[]|\T1/cmr/m/n/10.95 Operacional. Va-li-da-ción téc-ni-ca

Underfull \hbox (badness 4024) in paragraph at lines 174--174
[]|\T1/cmr/m/n/10.95 FK ha-cia SE-MI-

Underfull \hbox (badness 7504) in paragraph at lines 175--175
[]|\T1/cmr/m/n/10.95 FK ha-cia CON-

Underfull \hbox (badness 3568) in paragraph at lines 175--176
[]|\T1/cmr/m/n/10.95 Operacional. Va-li-da-ción jor-na-da

Overfull \hbox (1.91312pt too wide) in paragraph at lines 176--176
[]|\T1/cmr/m/n/10.95 NUMERIC(8,2)| 

Overfull \hbox (51.12965pt too wide) in alignment at lines 169--178
 [] [] [] [] [] 

Overfull \hbox (12.85292pt too wide) in paragraph at lines 180--180
|[]\T1/cmr/bx/n/17.28 Auditoría inal-te-ra-ble de mo-di-fi-ca-cio-nes (Append-O
nly

Package fancyhdr Warning: \footskip is too small (30.0pt): 
(fancyhdr)                Make it at least 69.14996pt, for example:
(fancyhdr)                \setlength{\footskip}{69.14996pt}.

[15]
Overfull \hbox (1.8533pt too wide) in paragraph at lines 186--187
[]\T1/cmr/bx/n/12 Estructura fo-ren-se del re-gis-tro: \T1/cmr/m/n/12 Cap-tu-ra
 iden-ti-fi-ca-dor de ope-ra-dor (\T1/cmtt/m/n/12 usuario_id\T1/cmr/m/n/12 ),

Overfull \hbox (19.35518pt too wide) in paragraph at lines 189--190
[]\T1/cmtt/m/n/10.95 REVOKE UPDATE, DELETE, TRUNCATE ON TABLE auditoria_evento 
FROM PUBLIC,

Underfull \hbox (badness 1881) in paragraph at lines 208--208
[]|\T1/cmr/bx/n/10.95 Retención Exi-gi-

Underfull \hbox (badness 10000) in paragraph at lines 211--211
[]|\T1/cmr/m/n/10.95 Diaria con-so-li-da-da +

Underfull \hbox (badness 10000) in paragraph at lines 213--213
[]|\T1/cmr/m/n/10.95 Diaria con-so-li-da-da +

Overfull \hbox (39.12967pt too wide) in alignment at lines 207--217
 [] [] [] [] 

Package fancyhdr Warning: \footskip is too small (30.0pt): 
(fancyhdr)                Make it at least 69.14996pt, for example:
(fancyhdr)                \setlength{\footskip}{69.14996pt}.

[16]

Package fancyhdr Warning: \footskip is too small (30.0pt): 
(fancyhdr)                Make it at least 69.14996pt, for example:
(fancyhdr)                \setlength{\footskip}{69.14996pt}.

[17]

Package hyperref Warning: Token not allowed in a PDF string (Unicode):
(hyperref)                removing `math shift' on input line 225.


Package hyperref Warning: Token not allowed in a PDF string (Unicode):
(hyperref)                removing `math shift' on input line 225.


Underfull \hbox (badness 1097) in paragraph at lines 240--240
[]|\T1/cmr/m/n/10.95 Conciliación de RUTs y con-tra-tos

Underfull \hbox (badness 3240) in paragraph at lines 242--242
[]|\T1/cmr/m/n/10.95 Verificación do-cu-men-tal in-di-vi-dual

Overfull \hbox (27.12968pt too wide) in alignment at lines 237--246
 [] [] [] 

Package fancyhdr Warning: \footskip is too small (30.0pt): 
(fancyhdr)                Make it at least 69.14996pt, for example:
(fancyhdr)                \setlength{\footskip}{69.14996pt}.

[18]

Package fancyhdr Warning: \footskip is too small (30.0pt): 
(fancyhdr)                Make it at least 69.14996pt, for example:
(fancyhdr)                \setlength{\footskip}{69.14996pt}.

[19]

Package hyperref Warning: Token not allowed in a PDF string (Unicode):
(hyperref)                removing `math shift' on input line 272.


Package hyperref Warning: Token not allowed in a PDF string (Unicode):
(hyperref)                removing `math shift' on input line 272.


Package fancyhdr Warning: \footskip is too small (30.0pt): 
(fancyhdr)                Make it at least 69.14996pt, for example:
(fancyhdr)                \setlength{\footskip}{69.14996pt}.

[20]

Package fancyhdr Warning: \footskip is too small (30.0pt): 
(fancyhdr)                Make it at least 69.14996pt, for example:
(fancyhdr)                \setlength{\footskip}{69.14996pt}.

[21 </home/carlosa/Documentos/Universidad/Actual/FEP/Proyecto/Informe/repo/recu
rsos/Plantilla-audIT/comun/assets/figuras/Costo.pdf>])

Package fancyhdr Warning: \footskip is too small (30.0pt): 
(fancyhdr)                Make it at least 69.14996pt, for example:
(fancyhdr)                \setlength{\footskip}{69.14996pt}.

[22]

Package fancyhdr Warning: \footskip is too small (30.0pt): 
(fancyhdr)                Make it at least 69.14996pt, for example:
(fancyhdr)                \setlength{\footskip}{69.14996pt}.

[23] (salida/aux/05-datos/sub5.aux)

LaTeX Font Warning: Size substitutions with differences
(Font)              up to 34.41pt have occurred.

 )
(see the transcript file for additional information) </home/carlosa/.texlive/te
xmf-var/fonts/pk/ljfour/jknappen/ec/tcbx1728.600pk> </home/carlosa/.texlive/tex
mf-var/fonts/pk/ljfour/jknappen/ec/ectt1095.600pk> </home/carlosa/.texlive/texm
f-var/fonts/pk/ljfour/jknappen/ec/tcbx1440.600pk> </home/carlosa/.texlive/texmf
-var/fonts/pk/ljfour/jknappen/ec/ecbi1200.600pk> </home/carlosa/.texlive/texmf-
var/fonts/pk/ljfour/jknappen/ec/ectt1200.600pk> </home/carlosa/.texlive/texmf-v
ar/fonts/pk/ljfour/jknappen/ec/ecti1200.600pk> </home/carlosa/.texlive/texmf-va
r/fonts/pk/ljfour/jknappen/ec/ecti1095.600pk> </home/carlosa/.texlive/texmf-var
/fonts/pk/ljfour/jknappen/ec/ecbx1440.600pk> </home/carlosa/.texlive/texmf-var/
fonts/pk/ljfour/jknappen/ec/ecbx2986.600pk> </home/carlosa/.texlive/texmf-var/f
onts/pk/ljfour/jknappen/ec/ecbx5159.600pk> </home/carlosa/.texlive/texmf-var/fo
nts/pk/ljfour/jknappen/ec/tcrm1200.600pk> </home/carlosa/.texlive/texmf-var/fon
ts/pk/ljfour/jknappen/ec/ecrm1200.600pk> </home/carlosa/.texlive/texmf-var/font
s/pk/ljfour/jknappen/ec/ecbx1200.600pk> </home/carlosa/.texlive/texmf-var/fonts
/pk/ljfour/jknappen/ec/ecrm0600.600pk> </home/carlosa/.texlive/texmf-var/fonts/
pk/ljfour/jknappen/ec/tcrm1000.600pk> </home/carlosa/.texlive/texmf-var/fonts/p
k/ljfour/jknappen/ec/ecrm1000.600pk> </home/carlosa/.texlive/texmf-var/fonts/pk
/ljfour/jknappen/ec/ecbx1000.600pk> </home/carlosa/.texlive/texmf-var/fonts/pk/
ljfour/jknappen/ec/tcrm1095.600pk> </home/carlosa/.texlive/texmf-var/fonts/pk/l
jfour/jknappen/ec/ecrm1095.600pk> </home/carlosa/.texlive/texmf-var/fonts/pk/lj
four/jknappen/ec/ecbx2488.600pk> </home/carlosa/.texlive/texmf-var/fonts/pk/ljf
our/jknappen/ec/ecbx1728.600pk> </home/carlosa/.texlive/texmf-var/fonts/pk/ljfo
ur/jknappen/ec/tcbx1095.600pk> </home/carlosa/.texlive/texmf-var/fonts/pk/ljfou
r/jknappen/ec/ecbx1095.600pk></usr/share/texmf-dist/fonts/type1/public/amsfonts
/cm/cmmi10.pfb></usr/share/texmf-dist/fonts/type1/public/amsfonts/cm/cmmi12.pfb
></usr/share/texmf-dist/fonts/type1/public/amsfonts/cm/cmr10.pfb></usr/share/te
xmf-dist/fonts/type1/public/amsfonts/cm/cmr12.pfb></usr/share/texmf-dist/fonts/
type1/public/amsfonts/cm/cmr17.pfb></usr/share/texmf-dist/fonts/type1/public/am
sfonts/cm/cmsy10.pfb>
Output written on salida/aux/05-datos/sub5.pdf (23 pages, 812576 bytes).
Transcript written on salida/aux/05-datos/sub5.log.
Latexmk: Getting log file 'salida/aux/05-datos/sub5.log'
Latexmk: Examining 'salida/aux/05-datos/sub5.fls'
Latexmk: Examining 'salida/aux/05-datos/sub5.log'
Latexmk: Found input bbl file 'salida/aux/05-datos/sub5.bbl'
Latexmk: Log file says output to 'salida/aux/05-datos/sub5.pdf'
Latexmk: Using biber to make bibliography file(s).
Latexmk: Bibliography file(s) from .bcf file:
  comun/referencias.bib
Sources for biber
  comun/referencias.bib
  salida/aux/05-datos/sub5.bcf
Latexmk: All targets (salida/aux/05-datos/sub5.pdf) are up-to-date

