\BOOKMARK [1][-]{section.1}{\376\377\000E\000s\000q\000u\000e\000m\000a\000\040\000d\000e\000\040\000s\000o\000l\000u\000c\000i\000\363\000n\000\040\000y\000\040\000a\000l\000c\000a\000n\000c\000e}{}% 1
\BOOKMARK [2][-]{subsection.1.1}{\376\377\000P\000r\000i\000n\000c\000i\000p\000i\000o\000\040\000r\000e\000c\000t\000o\000r}{section.1}% 2
\BOOKMARK [2][-]{subsection.1.2}{\376\377\000D\000e\000c\000i\000s\000i\000\363\000n\000\040\000p\000r\000i\000m\000e\000r\000a\000.\000\040\000E\000l\000\040\000s\000u\000j\000e\000t\000o\000\040\000o\000b\000l\000i\000g\000a\000d\000o\000\040\000d\000e\000\040\000l\000a\000\040\000a\000c\000r\000e\000d\000i\000t\000a\000c\000i\000\363\000n\000\040\000d\000e\000\040\000j\000o\000r\000n\000a\000d\000a}{section.1}% 3
\BOOKMARK [2][-]{subsection.1.3}{\376\377\000D\000e\000c\000i\000s\000i\000\363\000n\000\040\000s\000e\000g\000u\000n\000d\000a\000.\000\040\000L\000a\000\040\000o\000p\000e\000r\000a\000c\000i\000\363\000n\000\040\000n\000o\000\040\000d\000e\000p\000e\000n\000d\000e\000\040\000d\000e\000\040\000l\000a\000\040\000c\000o\000b\000e\000r\000t\000u\000r\000a\000\040\000m\000\363\000v\000i\000l}{section.1}% 4
\BOOKMARK [2][-]{subsection.1.4}{\376\377\000D\000e\000c\000i\000s\000i\000\363\000n\000\040\000t\000e\000r\000c\000e\000r\000a\000.\000\040\000C\000o\000n\000t\000i\000n\000u\000i\000d\000a\000d\000\040\000y\000\040\000r\000e\000c\000u\000p\000e\000r\000a\000c\000i\000\363\000n\000\040\000s\000o\000n\000\040\000p\000r\000o\000b\000l\000e\000m\000a\000s\000\040\000d\000i\000s\000t\000i\000n\000t\000o\000s}{section.1}% 5
\BOOKMARK [2][-]{subsection.1.5}{\376\377\000C\000a\000t\000\341\000l\000o\000g\000o\000\040\000d\000e\000\040\000r\000e\000q\000u\000i\000s\000i\000t\000o\000s}{section.1}% 6
\BOOKMARK [2][-]{subsection.1.6}{\376\377\000A\000l\000c\000a\000n\000c\000e\000\040\000p\000o\000r\000\040\000e\000t\000a\000p\000a\000s}{section.1}% 7
\BOOKMARK [2][-]{subsection.1.7}{\376\377\000T\000r\000e\000s\000\040\000p\000o\000b\000l\000a\000c\000i\000o\000n\000e\000s\000\040\000d\000e\000\040\000c\000a\000m\000i\000o\000n\000e\000s\000,\000\040\000t\000r\000e\000s\000\040\000t\000r\000a\000t\000a\000m\000i\000e\000n\000t\000o\000s}{section.1}% 8
\BOOKMARK [2][-]{subsection.1.8}{\376\377\000L\000o\000\040\000q\000u\000e\000\040\000q\000u\000e\000d\000a\000\040\000f\000u\000e\000r\000a\000\040\000d\000e\000l\000\040\000a\000l\000c\000a\000n\000c\000e}{section.1}% 9
\BOOKMARK [2][-]{subsection.1.9}{\376\377\000P\000l\000a\000n\000\040\000d\000e\000\040\000a\000d\000h\000e\000s\000i\000\363\000n}{section.1}% 10
\BOOKMARK [3][-]{subsubsection.1.9.1}{\376\377\000Q\000u\000\351\000\040\000s\000e\000\040\000l\000e\000s\000\040\000p\000i\000d\000e\000\040\000y\000\040\000q\000u\000\351\000\040\000s\000e\000\040\000l\000e\000s\000\040\000o\000f\000r\000e\000c\000e}{subsection.1.9}% 11
\BOOKMARK [3][-]{subsubsection.1.9.2}{\376\377\000R\000\351\000g\000i\000m\000e\000n\000\040\000d\000e\000l\000\040\000d\000i\000s\000p\000o\000s\000i\000t\000i\000v\000o}{subsection.1.9}% 12
\BOOKMARK [3][-]{subsubsection.1.9.3}{\376\377\000I\000n\000s\000t\000r\000u\000m\000e\000n\000t\000o\000\040\000c\000o\000n\000t\000r\000a\000c\000t\000u\000a\000l\000,\000\040\000e\000n\000r\000o\000l\000a\000m\000i\000e\000n\000t\000o\000\040\000y\000\040\000c\000a\000p\000a\000c\000i\000t\000a\000c\000i\000\363\000n}{subsection.1.9}% 13
\BOOKMARK [3][-]{subsubsection.1.9.4}{\376\377\000M\000o\000d\000a\000l\000i\000d\000a\000d\000e\000s\000\040\000y\000\040\000t\000r\000a\000t\000a\000m\000i\000e\000n\000t\000o\000\040\000d\000e\000\040\000q\000u\000i\000e\000n\000\040\000n\000o\000\040\000a\000d\000h\000i\000e\000r\000e}{subsection.1.9}% 14
\BOOKMARK [3][-]{subsubsection.1.9.5}{\376\377\000C\000\363\000m\000o\000\040\000s\000e\000\040\000m\000i\000d\000e\000\040\000y\000\040\000q\000u\000\351\000\040\000o\000c\000u\000r\000r\000e\000\040\000s\000i\000\040\000n\000o\000\040\000a\000l\000c\000a\000n\000z\000a}{subsection.1.9}% 15
\BOOKMARK [2][-]{subsection.1.10}{\376\377\000C\000r\000i\000t\000e\000r\000i\000o\000s\000\040\000d\000e\000\040\000a\000c\000e\000p\000t\000a\000c\000i\000\363\000n\000\040\000c\000o\000m\000p\000r\000o\000m\000e\000t\000i\000d\000o\000s}{section.1}% 16
\BOOKMARK [2][-]{subsection.1.11}{\376\377\000T\000r\000a\000z\000a\000b\000i\000l\000i\000d\000a\000d\000\040\000y\000\040\000m\000a\000t\000r\000i\000z\000\040\000d\000e\000\040\000c\000u\000m\000p\000l\000i\000m\000i\000e\000n\000t\000o}{section.1}% 17
\BOOKMARK [2][-]{subsection.1.12}{\376\377\000C\000o\000n\000s\000u\000l\000t\000a\000s\000\040\000f\000o\000r\000m\000u\000l\000a\000d\000a\000s\000\040\000a\000l\000\040\000m\000a\000n\000d\000a\000n\000t\000e}{section.1}% 18
\BOOKMARK [2][-]{subsection.1.13}{\376\377\000C\000o\000n\000t\000r\000a\000d\000i\000c\000c\000i\000o\000n\000e\000s\000\040\000d\000e\000t\000e\000c\000t\000a\000d\000a\000s\000\040\000e\000n\000t\000r\000e\000\040\000l\000o\000s\000\040\000d\000o\000c\000u\000m\000e\000n\000t\000o\000s\000\040\000d\000e\000\040\000l\000a\000\040\000l\000i\000c\000i\000t\000a\000c\000i\000\363\000n}{section.1}% 19
\BOOKMARK [2][-]{subsection.1.14}{\376\377\000M\000a\000t\000e\000r\000i\000a\000s\000\040\000p\000e\000n\000d\000i\000e\000n\000t\000e\000s\000\040\000a\000l\000\040\000c\000i\000e\000r\000r\000e\000\040\000d\000e\000\040\000e\000s\000t\000a\000\040\000i\000n\000s\000t\000a\000n\000c\000i\000a}{section.1}% 20
\BOOKMARK [1][-]{section*.1}{\376\377\000B\000i\000b\000l\000i\000o\000g\000r\000a\000f\000\355\000a}{}% 21
